Loading prep1cho package...
ℹ Loading prep1cho

========================================
Testing Pipeline - Step by Step
========================================

Loaded enrollments: 43,663 rows

[1/5] Getting RIO data...
Reading RIO data from package...
  RIO rows: 6,741

[2/5] Auditing enrollments...
Auditing enrollments data...
  Rows: 43,663
  Columns: 157
  Empty columns: 11
  High NA columns: 16
Audit complete.
Warning messages:
1: In audit_enrollments(enrollments) : 11 columns are completely empty
2: In audit_enrollments(enrollments) : 16 columns have >75% missing values

[3/5] Preparing RIO data...
  RIO prepared rows: 175
  RIO per jaar rows: 2,715

[4/5] Preparing enrollments...
